// Jest Snapshot v1, https://goo.gl/fbAQLP

exports[`<ChannelIdOrNameInput /> renders correctly 1`] = `
ShallowWrapper {
  "length": 1,
  Symbol(enzyme.__root__): [Circular],
  Symbol(enzyme.__unrendered__): <ChannelIdOrNameInput
    name="test"
    onChange={[Function]}
    value="test"
/>,
  Symbol(enzyme.__renderer__): Object {
    "batchedUpdates": [Function],
    "getNode": [Function],
    "render": [Function],
    "simulateEvent": [Function],
    "unmount": [Function],
  },
  Symbol(enzyme.__node__): Object {
    "instance": null,
    "key": undefined,
    "nodeType": "function",
    "props": Object {
      "children": Array [
        <label
          className={undefined}
>
          <span
                    className={undefined}
          >
                    Channel
                     ID or Name
          </span>
          <input
                    disabled={false}
                    name="test"
                    onChange={[Function]}
                    type="text"
                    value="test"
          />
</label>,
        <label
          className={undefined}
>
          <input
                    checked={false}
                    name="wantsDeveloperRigUserId"
                    onChange={[Function]}
                    type="checkbox"
          />
          Use Developer Rig user
</label>,
      ],
    },
    "ref": null,
    "rendered": Array [
      Object {
        "instance": null,
        "key": undefined,
        "nodeType": "host",
        "props": Object {
          "children": Array [
            <span
              className={undefined}
>
              Channel
               ID or Name
</span>,
            <input
              disabled={false}
              name="test"
              onChange={[Function]}
              type="text"
              value="test"
/>,
          ],
          "className": undefined,
        },
        "ref": null,
        "rendered": Array [
          Object {
            "instance": null,
            "key": undefined,
            "nodeType": "host",
            "props": Object {
              "children": Array [
                "Channel",
                " ID or Name",
              ],
              "className": undefined,
            },
            "ref": null,
            "rendered": Array [
              "Channel",
              " ID or Name",
            ],
            "type": "span",
          },
          Object {
            "instance": null,
            "key": undefined,
            "nodeType": "host",
            "props": Object {
              "disabled": false,
              "name": "test",
              "onChange": [Function],
              "type": "text",
              "value": "test",
            },
            "ref": null,
            "rendered": null,
            "type": "input",
          },
        ],
        "type": "label",
      },
      Object {
        "instance": null,
        "key": undefined,
        "nodeType": "host",
        "props": Object {
          "children": Array [
            <input
              checked={false}
              name="wantsDeveloperRigUserId"
              onChange={[Function]}
              type="checkbox"
/>,
            "Use Developer Rig user",
          ],
          "className": undefined,
        },
        "ref": null,
        "rendered": Array [
          Object {
            "instance": null,
            "key": undefined,
            "nodeType": "host",
            "props": Object {
              "checked": false,
              "name": "wantsDeveloperRigUserId",
              "onChange": [Function],
              "type": "checkbox",
            },
            "ref": null,
            "rendered": null,
            "type": "input",
          },
          "Use Developer Rig user",
        ],
        "type": "label",
      },
    ],
    "type": Symbol(react.fragment),
  },
  Symbol(enzyme.__nodes__): Array [
    Object {
      "instance": null,
      "key": undefined,
      "nodeType": "function",
      "props": Object {
        "children": Array [
          <label
            className={undefined}
>
            <span
                        className={undefined}
            >
                        Channel
                         ID or Name
            </span>
            <input
                        disabled={false}
                        name="test"
                        onChange={[Function]}
                        type="text"
                        value="test"
            />
</label>,
          <label
            className={undefined}
>
            <input
                        checked={false}
                        name="wantsDeveloperRigUserId"
                        onChange={[Function]}
                        type="checkbox"
            />
            Use Developer Rig user
</label>,
        ],
      },
      "ref": null,
      "rendered": Array [
        Object {
          "instance": null,
          "key": undefined,
          "nodeType": "host",
          "props": Object {
            "children": Array [
              <span
                className={undefined}
>
                Channel
                 ID or Name
</span>,
              <input
                disabled={false}
                name="test"
                onChange={[Function]}
                type="text"
                value="test"
/>,
            ],
            "className": undefined,
          },
          "ref": null,
          "rendered": Array [
            Object {
              "instance": null,
              "key": undefined,
              "nodeType": "host",
              "props": Object {
                "children": Array [
                  "Channel",
                  " ID or Name",
                ],
                "className": undefined,
              },
              "ref": null,
              "rendered": Array [
                "Channel",
                " ID or Name",
              ],
              "type": "span",
            },
            Object {
              "instance": null,
              "key": undefined,
              "nodeType": "host",
              "props": Object {
                "disabled": false,
                "name": "test",
                "onChange": [Function],
                "type": "text",
                "value": "test",
              },
              "ref": null,
              "rendered": null,
              "type": "input",
            },
          ],
          "type": "label",
        },
        Object {
          "instance": null,
          "key": undefined,
          "nodeType": "host",
          "props": Object {
            "children": Array [
              <input
                checked={false}
                name="wantsDeveloperRigUserId"
                onChange={[Function]}
                type="checkbox"
/>,
              "Use Developer Rig user",
            ],
            "className": undefined,
          },
          "ref": null,
          "rendered": Array [
            Object {
              "instance": null,
              "key": undefined,
              "nodeType": "host",
              "props": Object {
                "checked": false,
                "name": "wantsDeveloperRigUserId",
                "onChange": [Function],
                "type": "checkbox",
              },
              "ref": null,
              "rendered": null,
              "type": "input",
            },
            "Use Developer Rig user",
          ],
          "type": "label",
        },
      ],
      "type": Symbol(react.fragment),
    },
  ],
  Symbol(enzyme.__options__): Object {
    "adapter": ReactSixteenAdapter {
      "options": Object {
        "enableComponentDidUpdateOnSetState": true,
      },
    },
  },
}
`;
