// Jest Snapshot v1, https://goo.gl/fbAQLP

exports[`<RigConfigurationsDialog /> renders correctly 1`] = `
ShallowWrapper {
  "length": 1,
  Symbol(enzyme.__root__): [Circular],
  Symbol(enzyme.__unrendered__): <RigConfigurationsDialog
    closeConfigurationsHandler={[Function]}
    config={
        Object {
            "authorName": "test",
            "bitsEnabled": true,
            "description": "test",
            "iconUrls": Object {
              "100x100": "test",
            },
            "id": "test",
            "name": "test",
            "requestIdentityLink": false,
            "sku": "test",
            "state": "test",
            "summary": "test",
            "vendorCode": "test",
            "version": "0.0.1",
            "views": Object {
              "component": Object {
                "aspectHeight": 3000,
                "aspectWidth": 2500,
                "canLinkExternalContent": false,
                "size": 1024,
                "viewerUrl": "test",
                "zoom": false,
                "zoomPixels": 24,
              },
              "config": Object {
                "canLinkExternalContent": false,
                "viewerUrl": "test",
              },
              "liveConfig": Object {
                "canLinkExternalContent": false,
                "viewerUrl": "test",
              },
              "panel": Object {
                "canLinkExternalContent": false,
                "height": 300,
                "viewerUrl": "test",
              },
            },
            "whitelistedConfigUrls": Array [],
            "whitelistedPanelUrls": Array [],
          }
    }
    refreshConfigurationsHandler={[Function]}
/>,
  Symbol(enzyme.__renderer__): Object {
    "batchedUpdates": [Function],
    "getNode": [Function],
    "render": [Function],
    "simulateEvent": [Function],
    "unmount": [Function],
  },
  Symbol(enzyme.__node__): Object {
    "instance": null,
    "key": undefined,
    "nodeType": "host",
    "props": Object {
      "children": Array [
        <div
          className="rig-configurations-view__background"
/>,
        <div
          className="rig-configurations-view__dialog"
>
          <div
                    className="dialog__top-bar-container"
          >
                    <div
                              className="top-bar-container__title"
                    >
                               Dev Rig Configurations 
                    </div>
                    <div
                              className="top-bar-container__escape"
                              onClick={[Function]}
                    >
                              <img
                                        alt="Close"
                                        src="close_icon.png"
                              />
                    </div>
          </div>
          <hr
                    className="dialog__divider"
          />
          <div
                    className="rig-configurations-view__content"
          >
                     
                    {
                      "authorName": "test",
                      "bitsEnabled": true,
                      "description": "test",
                      "iconUrls": {
                        "100x100": "test"
                      },
                      "id": "test",
                      "name": "test",
                      "requestIdentityLink": false,
                      "sku": "test",
                      "state": "test",
                      "summary": "test",
                      "vendorCode": "test",
                      "version": "0.0.1",
                      "views": {
                        "panel": {
                          "canLinkExternalContent": false,
                          "height": 300,
                          "viewerUrl": "test"
                        },
                        "config": {
                          "canLinkExternalContent": false,
                          "viewerUrl": "test"
                        },
                        "liveConfig": {
                          "canLinkExternalContent": false,
                          "viewerUrl": "test"
                        },
                        "component": {
                          "aspectHeight": 3000,
                          "aspectWidth": 2500,
                          "canLinkExternalContent": false,
                          "viewerUrl": "test",
                          "size": 1024,
                          "zoom": false,
                          "zoomPixels": 24
                        }
                      },
                      "whitelistedConfigUrls": [],
                      "whitelistedPanelUrls": []
                    }
                     
          </div>
          <hr
                    className="dialog__divider"
          />
          <div
                    className="dialog_bottom-bar"
          >
                    <div
                              className="bottom-bar__refresh"
                              onClick={[Function]}
                    >
                               Refresh 
                    </div>
                    <div
                              className="bottom-bar__cancel"
                              onClick={[Function]}
                    >
                               Cancel 
                    </div>
          </div>
</div>,
      ],
      "className": "rig-configurations-view",
    },
    "ref": null,
    "rendered": Array [
      Object {
        "instance": null,
        "key": undefined,
        "nodeType": "host",
        "props": Object {
          "className": "rig-configurations-view__background",
        },
        "ref": null,
        "rendered": null,
        "type": "div",
      },
      Object {
        "instance": null,
        "key": undefined,
        "nodeType": "host",
        "props": Object {
          "children": Array [
            <div
              className="dialog__top-bar-container"
>
              <div
                            className="top-bar-container__title"
              >
                             Dev Rig Configurations 
              </div>
              <div
                            className="top-bar-container__escape"
                            onClick={[Function]}
              >
                            <img
                                          alt="Close"
                                          src="close_icon.png"
                            />
              </div>
</div>,
            <hr
              className="dialog__divider"
/>,
            <div
              className="rig-configurations-view__content"
>
               
              {
                "authorName": "test",
                "bitsEnabled": true,
                "description": "test",
                "iconUrls": {
                  "100x100": "test"
                },
                "id": "test",
                "name": "test",
                "requestIdentityLink": false,
                "sku": "test",
                "state": "test",
                "summary": "test",
                "vendorCode": "test",
                "version": "0.0.1",
                "views": {
                  "panel": {
                    "canLinkExternalContent": false,
                    "height": 300,
                    "viewerUrl": "test"
                  },
                  "config": {
                    "canLinkExternalContent": false,
                    "viewerUrl": "test"
                  },
                  "liveConfig": {
                    "canLinkExternalContent": false,
                    "viewerUrl": "test"
                  },
                  "component": {
                    "aspectHeight": 3000,
                    "aspectWidth": 2500,
                    "canLinkExternalContent": false,
                    "viewerUrl": "test",
                    "size": 1024,
                    "zoom": false,
                    "zoomPixels": 24
                  }
                },
                "whitelistedConfigUrls": [],
                "whitelistedPanelUrls": []
              }
               
</div>,
            <hr
              className="dialog__divider"
/>,
            <div
              className="dialog_bottom-bar"
>
              <div
                            className="bottom-bar__refresh"
                            onClick={[Function]}
              >
                             Refresh 
              </div>
              <div
                            className="bottom-bar__cancel"
                            onClick={[Function]}
              >
                             Cancel 
              </div>
</div>,
          ],
          "className": "rig-configurations-view__dialog",
        },
        "ref": null,
        "rendered": Array [
          Object {
            "instance": null,
            "key": undefined,
            "nodeType": "host",
            "props": Object {
              "children": Array [
                <div
                  className="top-bar-container__title"
>
                   Dev Rig Configurations 
</div>,
                <div
                  className="top-bar-container__escape"
                  onClick={[Function]}
>
                  <img
                                    alt="Close"
                                    src="close_icon.png"
                  />
</div>,
              ],
              "className": "dialog__top-bar-container",
            },
            "ref": null,
            "rendered": Array [
              Object {
                "instance": null,
                "key": undefined,
                "nodeType": "host",
                "props": Object {
                  "children": " Dev Rig Configurations ",
                  "className": "top-bar-container__title",
                },
                "ref": null,
                "rendered": " Dev Rig Configurations ",
                "type": "div",
              },
              Object {
                "instance": null,
                "key": undefined,
                "nodeType": "host",
                "props": Object {
                  "children": <img
                    alt="Close"
                    src="close_icon.png"
/>,
                  "className": "top-bar-container__escape",
                  "onClick": [Function],
                },
                "ref": null,
                "rendered": Object {
                  "instance": null,
                  "key": undefined,
                  "nodeType": "host",
                  "props": Object {
                    "alt": "Close",
                    "src": "close_icon.png",
                  },
                  "ref": null,
                  "rendered": null,
                  "type": "img",
                },
                "type": "div",
              },
            ],
            "type": "div",
          },
          Object {
            "instance": null,
            "key": undefined,
            "nodeType": "host",
            "props": Object {
              "className": "dialog__divider",
            },
            "ref": null,
            "rendered": null,
            "type": "hr",
          },
          Object {
            "instance": null,
            "key": undefined,
            "nodeType": "host",
            "props": Object {
              "children": Array [
                " ",
                "{
  \\"authorName\\": \\"test\\",
  \\"bitsEnabled\\": true,
  \\"description\\": \\"test\\",
  \\"iconUrls\\": {
    \\"100x100\\": \\"test\\"
  },
  \\"id\\": \\"test\\",
  \\"name\\": \\"test\\",
  \\"requestIdentityLink\\": false,
  \\"sku\\": \\"test\\",
  \\"state\\": \\"test\\",
  \\"summary\\": \\"test\\",
  \\"vendorCode\\": \\"test\\",
  \\"version\\": \\"0.0.1\\",
  \\"views\\": {
    \\"panel\\": {
      \\"canLinkExternalContent\\": false,
      \\"height\\": 300,
      \\"viewerUrl\\": \\"test\\"
    },
    \\"config\\": {
      \\"canLinkExternalContent\\": false,
      \\"viewerUrl\\": \\"test\\"
    },
    \\"liveConfig\\": {
      \\"canLinkExternalContent\\": false,
      \\"viewerUrl\\": \\"test\\"
    },
    \\"component\\": {
      \\"aspectHeight\\": 3000,
      \\"aspectWidth\\": 2500,
      \\"canLinkExternalContent\\": false,
      \\"viewerUrl\\": \\"test\\",
      \\"size\\": 1024,
      \\"zoom\\": false,
      \\"zoomPixels\\": 24
    }
  },
  \\"whitelistedConfigUrls\\": [],
  \\"whitelistedPanelUrls\\": []
}",
                " ",
              ],
              "className": "rig-configurations-view__content",
            },
            "ref": null,
            "rendered": Array [
              " ",
              "{
  \\"authorName\\": \\"test\\",
  \\"bitsEnabled\\": true,
  \\"description\\": \\"test\\",
  \\"iconUrls\\": {
    \\"100x100\\": \\"test\\"
  },
  \\"id\\": \\"test\\",
  \\"name\\": \\"test\\",
  \\"requestIdentityLink\\": false,
  \\"sku\\": \\"test\\",
  \\"state\\": \\"test\\",
  \\"summary\\": \\"test\\",
  \\"vendorCode\\": \\"test\\",
  \\"version\\": \\"0.0.1\\",
  \\"views\\": {
    \\"panel\\": {
      \\"canLinkExternalContent\\": false,
      \\"height\\": 300,
      \\"viewerUrl\\": \\"test\\"
    },
    \\"config\\": {
      \\"canLinkExternalContent\\": false,
      \\"viewerUrl\\": \\"test\\"
    },
    \\"liveConfig\\": {
      \\"canLinkExternalContent\\": false,
      \\"viewerUrl\\": \\"test\\"
    },
    \\"component\\": {
      \\"aspectHeight\\": 3000,
      \\"aspectWidth\\": 2500,
      \\"canLinkExternalContent\\": false,
      \\"viewerUrl\\": \\"test\\",
      \\"size\\": 1024,
      \\"zoom\\": false,
      \\"zoomPixels\\": 24
    }
  },
  \\"whitelistedConfigUrls\\": [],
  \\"whitelistedPanelUrls\\": []
}",
              " ",
            ],
            "type": "div",
          },
          Object {
            "instance": null,
            "key": undefined,
            "nodeType": "host",
            "props": Object {
              "className": "dialog__divider",
            },
            "ref": null,
            "rendered": null,
            "type": "hr",
          },
          Object {
            "instance": null,
            "key": undefined,
            "nodeType": "host",
            "props": Object {
              "children": Array [
                <div
                  className="bottom-bar__refresh"
                  onClick={[Function]}
>
                   Refresh 
</div>,
                <div
                  className="bottom-bar__cancel"
                  onClick={[Function]}
>
                   Cancel 
</div>,
              ],
              "className": "dialog_bottom-bar",
            },
            "ref": null,
            "rendered": Array [
              Object {
                "instance": null,
                "key": undefined,
                "nodeType": "host",
                "props": Object {
                  "children": " Refresh ",
                  "className": "bottom-bar__refresh",
                  "onClick": [Function],
                },
                "ref": null,
                "rendered": " Refresh ",
                "type": "div",
              },
              Object {
                "instance": null,
                "key": undefined,
                "nodeType": "host",
                "props": Object {
                  "children": " Cancel ",
                  "className": "bottom-bar__cancel",
                  "onClick": [Function],
                },
                "ref": null,
                "rendered": " Cancel ",
                "type": "div",
              },
            ],
            "type": "div",
          },
        ],
        "type": "div",
      },
    ],
    "type": "div",
  },
  Symbol(enzyme.__nodes__): Array [
    Object {
      "instance": null,
      "key": undefined,
      "nodeType": "host",
      "props": Object {
        "children": Array [
          <div
            className="rig-configurations-view__background"
/>,
          <div
            className="rig-configurations-view__dialog"
>
            <div
                        className="dialog__top-bar-container"
            >
                        <div
                                    className="top-bar-container__title"
                        >
                                     Dev Rig Configurations 
                        </div>
                        <div
                                    className="top-bar-container__escape"
                                    onClick={[Function]}
                        >
                                    <img
                                                alt="Close"
                                                src="close_icon.png"
                                    />
                        </div>
            </div>
            <hr
                        className="dialog__divider"
            />
            <div
                        className="rig-configurations-view__content"
            >
                         
                        {
                          "authorName": "test",
                          "bitsEnabled": true,
                          "description": "test",
                          "iconUrls": {
                            "100x100": "test"
                          },
                          "id": "test",
                          "name": "test",
                          "requestIdentityLink": false,
                          "sku": "test",
                          "state": "test",
                          "summary": "test",
                          "vendorCode": "test",
                          "version": "0.0.1",
                          "views": {
                            "panel": {
                              "canLinkExternalContent": false,
                              "height": 300,
                              "viewerUrl": "test"
                            },
                            "config": {
                              "canLinkExternalContent": false,
                              "viewerUrl": "test"
                            },
                            "liveConfig": {
                              "canLinkExternalContent": false,
                              "viewerUrl": "test"
                            },
                            "component": {
                              "aspectHeight": 3000,
                              "aspectWidth": 2500,
                              "canLinkExternalContent": false,
                              "viewerUrl": "test",
                              "size": 1024,
                              "zoom": false,
                              "zoomPixels": 24
                            }
                          },
                          "whitelistedConfigUrls": [],
                          "whitelistedPanelUrls": []
                        }
                         
            </div>
            <hr
                        className="dialog__divider"
            />
            <div
                        className="dialog_bottom-bar"
            >
                        <div
                                    className="bottom-bar__refresh"
                                    onClick={[Function]}
                        >
                                     Refresh 
                        </div>
                        <div
                                    className="bottom-bar__cancel"
                                    onClick={[Function]}
                        >
                                     Cancel 
                        </div>
            </div>
</div>,
        ],
        "className": "rig-configurations-view",
      },
      "ref": null,
      "rendered": Array [
        Object {
          "instance": null,
          "key": undefined,
          "nodeType": "host",
          "props": Object {
            "className": "rig-configurations-view__background",
          },
          "ref": null,
          "rendered": null,
          "type": "div",
        },
        Object {
          "instance": null,
          "key": undefined,
          "nodeType": "host",
          "props": Object {
            "children": Array [
              <div
                className="dialog__top-bar-container"
>
                <div
                                className="top-bar-container__title"
                >
                                 Dev Rig Configurations 
                </div>
                <div
                                className="top-bar-container__escape"
                                onClick={[Function]}
                >
                                <img
                                                alt="Close"
                                                src="close_icon.png"
                                />
                </div>
</div>,
              <hr
                className="dialog__divider"
/>,
              <div
                className="rig-configurations-view__content"
>
                 
                {
                  "authorName": "test",
                  "bitsEnabled": true,
                  "description": "test",
                  "iconUrls": {
                    "100x100": "test"
                  },
                  "id": "test",
                  "name": "test",
                  "requestIdentityLink": false,
                  "sku": "test",
                  "state": "test",
                  "summary": "test",
                  "vendorCode": "test",
                  "version": "0.0.1",
                  "views": {
                    "panel": {
                      "canLinkExternalContent": false,
                      "height": 300,
                      "viewerUrl": "test"
                    },
                    "config": {
                      "canLinkExternalContent": false,
                      "viewerUrl": "test"
                    },
                    "liveConfig": {
                      "canLinkExternalContent": false,
                      "viewerUrl": "test"
                    },
                    "component": {
                      "aspectHeight": 3000,
                      "aspectWidth": 2500,
                      "canLinkExternalContent": false,
                      "viewerUrl": "test",
                      "size": 1024,
                      "zoom": false,
                      "zoomPixels": 24
                    }
                  },
                  "whitelistedConfigUrls": [],
                  "whitelistedPanelUrls": []
                }
                 
</div>,
              <hr
                className="dialog__divider"
/>,
              <div
                className="dialog_bottom-bar"
>
                <div
                                className="bottom-bar__refresh"
                                onClick={[Function]}
                >
                                 Refresh 
                </div>
                <div
                                className="bottom-bar__cancel"
                                onClick={[Function]}
                >
                                 Cancel 
                </div>
</div>,
            ],
            "className": "rig-configurations-view__dialog",
          },
          "ref": null,
          "rendered": Array [
            Object {
              "instance": null,
              "key": undefined,
              "nodeType": "host",
              "props": Object {
                "children": Array [
                  <div
                    className="top-bar-container__title"
>
                     Dev Rig Configurations 
</div>,
                  <div
                    className="top-bar-container__escape"
                    onClick={[Function]}
>
                    <img
                                        alt="Close"
                                        src="close_icon.png"
                    />
</div>,
                ],
                "className": "dialog__top-bar-container",
              },
              "ref": null,
              "rendered": Array [
                Object {
                  "instance": null,
                  "key": undefined,
                  "nodeType": "host",
                  "props": Object {
                    "children": " Dev Rig Configurations ",
                    "className": "top-bar-container__title",
                  },
                  "ref": null,
                  "rendered": " Dev Rig Configurations ",
                  "type": "div",
                },
                Object {
                  "instance": null,
                  "key": undefined,
                  "nodeType": "host",
                  "props": Object {
                    "children": <img
                      alt="Close"
                      src="close_icon.png"
/>,
                    "className": "top-bar-container__escape",
                    "onClick": [Function],
                  },
                  "ref": null,
                  "rendered": Object {
                    "instance": null,
                    "key": undefined,
                    "nodeType": "host",
                    "props": Object {
                      "alt": "Close",
                      "src": "close_icon.png",
                    },
                    "ref": null,
                    "rendered": null,
                    "type": "img",
                  },
                  "type": "div",
                },
              ],
              "type": "div",
            },
            Object {
              "instance": null,
              "key": undefined,
              "nodeType": "host",
              "props": Object {
                "className": "dialog__divider",
              },
              "ref": null,
              "rendered": null,
              "type": "hr",
            },
            Object {
              "instance": null,
              "key": undefined,
              "nodeType": "host",
              "props": Object {
                "children": Array [
                  " ",
                  "{
  \\"authorName\\": \\"test\\",
  \\"bitsEnabled\\": true,
  \\"description\\": \\"test\\",
  \\"iconUrls\\": {
    \\"100x100\\": \\"test\\"
  },
  \\"id\\": \\"test\\",
  \\"name\\": \\"test\\",
  \\"requestIdentityLink\\": false,
  \\"sku\\": \\"test\\",
  \\"state\\": \\"test\\",
  \\"summary\\": \\"test\\",
  \\"vendorCode\\": \\"test\\",
  \\"version\\": \\"0.0.1\\",
  \\"views\\": {
    \\"panel\\": {
      \\"canLinkExternalContent\\": false,
      \\"height\\": 300,
      \\"viewerUrl\\": \\"test\\"
    },
    \\"config\\": {
      \\"canLinkExternalContent\\": false,
      \\"viewerUrl\\": \\"test\\"
    },
    \\"liveConfig\\": {
      \\"canLinkExternalContent\\": false,
      \\"viewerUrl\\": \\"test\\"
    },
    \\"component\\": {
      \\"aspectHeight\\": 3000,
      \\"aspectWidth\\": 2500,
      \\"canLinkExternalContent\\": false,
      \\"viewerUrl\\": \\"test\\",
      \\"size\\": 1024,
      \\"zoom\\": false,
      \\"zoomPixels\\": 24
    }
  },
  \\"whitelistedConfigUrls\\": [],
  \\"whitelistedPanelUrls\\": []
}",
                  " ",
                ],
                "className": "rig-configurations-view__content",
              },
              "ref": null,
              "rendered": Array [
                " ",
                "{
  \\"authorName\\": \\"test\\",
  \\"bitsEnabled\\": true,
  \\"description\\": \\"test\\",
  \\"iconUrls\\": {
    \\"100x100\\": \\"test\\"
  },
  \\"id\\": \\"test\\",
  \\"name\\": \\"test\\",
  \\"requestIdentityLink\\": false,
  \\"sku\\": \\"test\\",
  \\"state\\": \\"test\\",
  \\"summary\\": \\"test\\",
  \\"vendorCode\\": \\"test\\",
  \\"version\\": \\"0.0.1\\",
  \\"views\\": {
    \\"panel\\": {
      \\"canLinkExternalContent\\": false,
      \\"height\\": 300,
      \\"viewerUrl\\": \\"test\\"
    },
    \\"config\\": {
      \\"canLinkExternalContent\\": false,
      \\"viewerUrl\\": \\"test\\"
    },
    \\"liveConfig\\": {
      \\"canLinkExternalContent\\": false,
      \\"viewerUrl\\": \\"test\\"
    },
    \\"component\\": {
      \\"aspectHeight\\": 3000,
      \\"aspectWidth\\": 2500,
      \\"canLinkExternalContent\\": false,
      \\"viewerUrl\\": \\"test\\",
      \\"size\\": 1024,
      \\"zoom\\": false,
      \\"zoomPixels\\": 24
    }
  },
  \\"whitelistedConfigUrls\\": [],
  \\"whitelistedPanelUrls\\": []
}",
                " ",
              ],
              "type": "div",
            },
            Object {
              "instance": null,
              "key": undefined,
              "nodeType": "host",
              "props": Object {
                "className": "dialog__divider",
              },
              "ref": null,
              "rendered": null,
              "type": "hr",
            },
            Object {
              "instance": null,
              "key": undefined,
              "nodeType": "host",
              "props": Object {
                "children": Array [
                  <div
                    className="bottom-bar__refresh"
                    onClick={[Function]}
>
                     Refresh 
</div>,
                  <div
                    className="bottom-bar__cancel"
                    onClick={[Function]}
>
                     Cancel 
</div>,
                ],
                "className": "dialog_bottom-bar",
              },
              "ref": null,
              "rendered": Array [
                Object {
                  "instance": null,
                  "key": undefined,
                  "nodeType": "host",
                  "props": Object {
                    "children": " Refresh ",
                    "className": "bottom-bar__refresh",
                    "onClick": [Function],
                  },
                  "ref": null,
                  "rendered": " Refresh ",
                  "type": "div",
                },
                Object {
                  "instance": null,
                  "key": undefined,
                  "nodeType": "host",
                  "props": Object {
                    "children": " Cancel ",
                    "className": "bottom-bar__cancel",
                    "onClick": [Function],
                  },
                  "ref": null,
                  "rendered": " Cancel ",
                  "type": "div",
                },
              ],
              "type": "div",
            },
          ],
          "type": "div",
        },
      ],
      "type": "div",
    },
  ],
  Symbol(enzyme.__options__): Object {
    "adapter": ReactSixteenAdapter {
      "options": Object {
        "enableComponentDidUpdateOnSetState": true,
      },
    },
  },
}
`;
