// Jest Snapshot v1, https://goo.gl/fbAQLP

exports[`<ExtensionViewContainer /> when in non-Viewer mode renders correctly 1`] = `
ShallowWrapper {
  "length": 1,
  Symbol(enzyme.__root__): [Circular],
  Symbol(enzyme.__unrendered__): <ExtensionViewContainer
    deleteExtensionViewHandler={[Function]}
    extension={
        Object {
            "authorName": "test",
            "channelId": "channelId",
            "description": "description",
            "iconUrl": "icon_url",
            "id": "id",
            "name": "name",
            "requestIdentity": false,
            "sku": "sku",
            "state": "state",
            "summary": "summary",
            "token": "token",
            "vendorCode": "vendorCode",
            "version": "version",
            "views": Object {},
            "whitelistedConfigUrls": "foo",
            "whitelistedPanelUrls": "bar",
          }
    }
    extensionViews={Array []}
    mode="config"
    openExtensionViewHandler={[Function]}
/>,
  Symbol(enzyme.__renderer__): Object {
    "batchedUpdates": [Function],
    "getNode": [Function],
    "render": [Function],
    "simulateEvent": [Function],
    "unmount": [Function],
  },
  Symbol(enzyme.__node__): Object {
    "instance": null,
    "key": "config",
    "nodeType": "class",
    "props": Object {
      "extension": Object {
        "authorName": "test",
        "channelId": "channelId",
        "description": "description",
        "iconUrl": "icon_url",
        "id": "id",
        "name": "name",
        "requestIdentity": false,
        "sku": "sku",
        "state": "state",
        "summary": "summary",
        "token": "token",
        "vendorCode": "vendorCode",
        "version": "version",
        "views": Object {},
        "whitelistedConfigUrls": "foo",
        "whitelistedPanelUrls": "bar",
      },
      "id": "config",
      "mode": "config",
      "type": "config",
    },
    "ref": null,
    "rendered": null,
    "type": [Function],
  },
  Symbol(enzyme.__nodes__): Array [
    Object {
      "instance": null,
      "key": "config",
      "nodeType": "class",
      "props": Object {
        "extension": Object {
          "authorName": "test",
          "channelId": "channelId",
          "description": "description",
          "iconUrl": "icon_url",
          "id": "id",
          "name": "name",
          "requestIdentity": false,
          "sku": "sku",
          "state": "state",
          "summary": "summary",
          "token": "token",
          "vendorCode": "vendorCode",
          "version": "version",
          "views": Object {},
          "whitelistedConfigUrls": "foo",
          "whitelistedPanelUrls": "bar",
        },
        "id": "config",
        "mode": "config",
        "type": "config",
      },
      "ref": null,
      "rendered": null,
      "type": [Function],
    },
  ],
  Symbol(enzyme.__options__): Object {
    "adapter": ReactSixteenAdapter {
      "options": Object {
        "enableComponentDidUpdateOnSetState": true,
      },
    },
  },
}
`;
